main.c:258:5:main	16	static
main.c:467:6:SystemClock_Config	120	static
main.c:523:13:MX_ETH_Init	8	static
main.c:572:13:MX_FDCAN1_Init	8	static
main.c:625:13:MX_TIM2_Init	40	static
main.c:670:13:MX_TIM3_Init	40	static
main.c:715:13:MX_TIM4_Init	40	static
main.c:760:13:MX_USART3_UART_Init	8	static
main.c:808:13:MX_USB_OTG_FS_PCD_Init	8	static
main.c:844:13:MX_GPIO_Init	56	static
main.c:902:6:CAN_RxFilter_Config	8	static
main.c:917:6:CAN_TxHeader_Config	4	static
main.c:931:6:HAL_FDCAN_RxFifo0Callback	16	static
main.c:970:6:unpack_vesc_FB	16	static
main.c:983:6:unpack_motor_FB	32	static
main.c:1017:6:unpack_link_FB	40	static
main.c:1042:6:unpack_link_STATUS	48	static
main.c:1062:6:unpack_link_CAL_CHECK	16	static
main.c:1077:6:CAN_TX_link_board_status_check	16	static
main.c:1092:6:CAN_TX_link_board_calibration	16	static
main.c:1107:6:CAN_TX_vesc_speed	24	static
main.c:1135:6:ActivateMotor	16	static
main.c:1157:6:DeactivateMotor	16	static
main.c:1179:6:SendTorque	56	static
main.c:1227:6:InverseKinematic	88	static
main.c:1339:6:TrajectorPlanner	184	static
main.c:1410:6:plan_step	16	static
main.c:1430:6:POPUP_start_plan	8	static
main.c:1436:6:POPUP_stop_plan	8	static
main.c:1442:6:PositionController	16	static
main.c:1473:6:SpeedController	16	static
main.c:1517:6:POPUP_system_check	16	static
main.c:1568:6:POPUP_activate_motors	16	static
main.c:1576:6:POPUP_start_controllers	8	static
main.c:1583:6:POPUP_homing	32	static
main.c:1619:6:POPUP_calibrate_link_sensors	16	static
main.c:1631:6:HAL_TIM_PeriodElapsedCallback	16	static
main.c:1652:6:HAL_UART_RxCpltCallback	24	static
main.c:1686:7:uint_to_float	32	static
main.c:1695:5:float_to_uint	32	static
main.c:1710:6:Error_Handler	4	static,ignoring_inline_asm
