main.c:247:5:main	32	static
main.c:432:6:SystemClock_Config	120	static
main.c:488:13:MX_ETH_Init	8	static
main.c:537:13:MX_FDCAN1_Init	8	static
main.c:590:13:MX_TIM2_Init	40	static
main.c:635:13:MX_TIM3_Init	40	static
main.c:680:13:MX_TIM4_Init	40	static
main.c:725:13:MX_USART3_UART_Init	8	static
main.c:773:13:MX_USB_OTG_FS_PCD_Init	8	static
main.c:809:13:MX_GPIO_Init	56	static
main.c:867:6:CAN_RxFilter_Config	8	static
main.c:882:6:CAN_TxHeader_Config	4	static
main.c:896:6:HAL_FDCAN_RxFifo0Callback	16	static
main.c:935:6:unpack_vesc_FB	16	static
main.c:947:6:unpack_motor_FB	32	static
main.c:981:6:unpack_link_FB	32	static
main.c:1001:6:unpack_link_STATUS	48	static
main.c:1021:6:unpack_link_CAL_CHECK	16	static
main.c:1036:6:CAN_TX_link_board_status_check	16	static
main.c:1051:6:CAN_TX_link_board_calibration	16	static
main.c:1066:6:CAN_TX_vesc_speed	24	static
main.c:1094:6:ActivateMotor	16	static
main.c:1116:6:DeactivateMotor	16	static
main.c:1139:6:SendTorque	56	static
main.c:1187:6:InverseKinematic	72	static
main.c:1293:6:TrajectorPlanner	184	static
main.c:1364:6:plan_step	16	static
main.c:1376:6:PositionController	16	static
main.c:1408:6:SpeedController	16	static
main.c:1452:6:POPUP_system_check	16	static
main.c:1503:6:POPUP_activate_motors	16	static
main.c:1513:6:POPUP_start_controllers	8	static
main.c:1520:6:POPUP_start_plan	8	static
main.c:1526:6:POPUP_homing	4	static
main.c:1530:6:POPUP_calibrate_link_sensors	16	static
main.c:1542:6:HAL_TIM_PeriodElapsedCallback	16	static
main.c:1557:7:uint_to_float	32	static
main.c:1566:5:float_to_uint	32	static
main.c:1581:6:Error_Handler	4	static,ignoring_inline_asm
